/usr/local/lib/python3.8/dist-packages/setuptools/dist.py:697: UserWarning: Usage of dash-separated 'script-dir' will not be supported in future versions. Please use the underscore name 'script_dir' instead
  warnings.warn(
running develop
running egg_info
creating mask_rcnn_ros2.egg-info
writing mask_rcnn_ros2.egg-info/PKG-INFO
writing dependency_links to mask_rcnn_ros2.egg-info/dependency_links.txt
writing entry points to mask_rcnn_ros2.egg-info/entry_points.txt
writing requirements to mask_rcnn_ros2.egg-info/requires.txt
writing top-level names to mask_rcnn_ros2.egg-info/top_level.txt
writing manifest file 'mask_rcnn_ros2.egg-info/SOURCES.txt'
reading manifest file 'mask_rcnn_ros2.egg-info/SOURCES.txt'
writing manifest file 'mask_rcnn_ros2.egg-info/SOURCES.txt'
running build_ext
Creating /root/mask_rcnn_ros2_ws/install/mask_rcnn_ros2/lib/python3.8/site-packages/mask-rcnn-ros2.egg-link (link to .)
Installing mask_rcnn_node script to /root/mask_rcnn_ros2_ws/install/mask_rcnn_ros2/lib/mask_rcnn_ros2

Installed /root/mask_rcnn_ros2_ws/build/mask_rcnn_ros2
running symlink_data
creating /root/mask_rcnn_ros2_ws/install/mask_rcnn_ros2/share/ament_index
creating /root/mask_rcnn_ros2_ws/install/mask_rcnn_ros2/share/ament_index/resource_index
creating /root/mask_rcnn_ros2_ws/install/mask_rcnn_ros2/share/ament_index/resource_index/packages
symbolically linking /root/mask_rcnn_ros2_ws/build/mask_rcnn_ros2/resource/mask_rcnn_ros2 -> /root/mask_rcnn_ros2_ws/install/mask_rcnn_ros2/share/ament_index/resource_index/packages
symbolically linking /root/mask_rcnn_ros2_ws/build/mask_rcnn_ros2/package.xml -> /root/mask_rcnn_ros2_ws/install/mask_rcnn_ros2/share/mask_rcnn_ros2
