[0.300s] Invoking command in '/root/mask_rcnn_ros2_ws/build/mask_rcnn_ros2': PYTHONPATH=/root/mask_rcnn_ros2_ws/build/mask_rcnn_ros2/prefix_override:/usr/lib/python3/dist-packages/colcon_core/task/python/colcon_distutils_commands:/root/mask_rcnn_ros2_ws/install/mask_rcnn_ros2/lib/python3.8/site-packages:${PYTHONPATH} /usr/bin/python3 -W ignore:setup.py install is deprecated -W ignore:easy_install command is deprecated setup.py develop --editable --build-directory /root/mask_rcnn_ros2_ws/build/mask_rcnn_ros2/build --no-deps symlink_data
[0.393s] /usr/local/lib/python3.8/dist-packages/setuptools/dist.py:697: UserWarning: Usage of dash-separated 'script-dir' will not be supported in future versions. Please use the underscore name 'script_dir' instead
[0.393s]   warnings.warn(
[0.411s] running develop
[0.464s] running egg_info
[0.464s] creating mask_rcnn_ros2.egg-info
[0.464s] writing mask_rcnn_ros2.egg-info/PKG-INFO
[0.464s] writing dependency_links to mask_rcnn_ros2.egg-info/dependency_links.txt
[0.464s] writing entry points to mask_rcnn_ros2.egg-info/entry_points.txt
[0.464s] writing requirements to mask_rcnn_ros2.egg-info/requires.txt
[0.464s] writing top-level names to mask_rcnn_ros2.egg-info/top_level.txt
[0.465s] writing manifest file 'mask_rcnn_ros2.egg-info/SOURCES.txt'
[0.477s] reading manifest file 'mask_rcnn_ros2.egg-info/SOURCES.txt'
[0.477s] writing manifest file 'mask_rcnn_ros2.egg-info/SOURCES.txt'
[0.494s] running build_ext
[0.495s] Creating /root/mask_rcnn_ros2_ws/install/mask_rcnn_ros2/lib/python3.8/site-packages/mask-rcnn-ros2.egg-link (link to .)
[0.495s] Installing mask_rcnn_node script to /root/mask_rcnn_ros2_ws/install/mask_rcnn_ros2/lib/mask_rcnn_ros2
[0.495s] 
[0.495s] Installed /root/mask_rcnn_ros2_ws/build/mask_rcnn_ros2
[0.495s] running symlink_data
[0.495s] creating /root/mask_rcnn_ros2_ws/install/mask_rcnn_ros2/share/ament_index
[0.495s] creating /root/mask_rcnn_ros2_ws/install/mask_rcnn_ros2/share/ament_index/resource_index
[0.495s] creating /root/mask_rcnn_ros2_ws/install/mask_rcnn_ros2/share/ament_index/resource_index/packages
[0.495s] symbolically linking /root/mask_rcnn_ros2_ws/build/mask_rcnn_ros2/resource/mask_rcnn_ros2 -> /root/mask_rcnn_ros2_ws/install/mask_rcnn_ros2/share/ament_index/resource_index/packages
[0.495s] symbolically linking /root/mask_rcnn_ros2_ws/build/mask_rcnn_ros2/package.xml -> /root/mask_rcnn_ros2_ws/install/mask_rcnn_ros2/share/mask_rcnn_ros2
[0.506s] Invoked command in '/root/mask_rcnn_ros2_ws/build/mask_rcnn_ros2' returned '0': PYTHONPATH=/root/mask_rcnn_ros2_ws/build/mask_rcnn_ros2/prefix_override:/usr/lib/python3/dist-packages/colcon_core/task/python/colcon_distutils_commands:/root/mask_rcnn_ros2_ws/install/mask_rcnn_ros2/lib/python3.8/site-packages:${PYTHONPATH} /usr/bin/python3 -W ignore:setup.py install is deprecated -W ignore:easy_install command is deprecated setup.py develop --editable --build-directory /root/mask_rcnn_ros2_ws/build/mask_rcnn_ros2/build --no-deps symlink_data
